test2123123asdfasdfasdfasdasdasdasdasdasdasd